[wpkixx.com/html/socimo/index.html]
[backblue.gif]
[fade.gif]
[index.html]
[wpkixx.com/html/socimo/images/fav.png]
[wpkixx.com/html/socimo/css/main.min.css]
[wpkixx.com/html/socimo/css/style.css]
[wpkixx.com/html/socimo/css/color.css]
[wpkixx.com/html/socimo/css/responsive.css]
[wpkixx.com/html/socimo/images/logo.png]
[wpkixx.com/html/socimo/images/resources/user.jpg]
[wpkixx.com/html/socimo/profile.html]
[wpkixx.com/html/socimo/images/resources/user1.jpg]
[wpkixx.com/html/socimo/images/resources/user2.jpg]
[wpkixx.com/html/socimo/images/resources/user3.jpg]
[wpkixx.com/html/socimo/images/resources/user4.jpg]
[wpkixx.com/html/socimo/images/resources/user5.jpg]
[wpkixx.com/html/socimo/profile-page2.html]
[wpkixx.com/html/socimo/live-stream.html]
[wpkixx.com/html/socimo/index-2.html]
[wpkixx.com/html/socimo/add-new-course.html]
[wpkixx.com/html/socimo/pay-out.html]
[wpkixx.com/html/socimo/price-plan.html]
[wpkixx.com/html/socimo/help-faq.html]
[wpkixx.com/html/socimo/settings.html]
[wpkixx.com/html/socimo/privacy-n-policy.html]
[wpkixx.com/html/socimo/sign-in.html]
[wpkixx.com/html/socimo/company-home.html]
[wpkixx.com/html/socimo/groups.html]
[wpkixx.com/html/socimo/group-detail.html]
[wpkixx.com/html/socimo/post-detail.html]
[wpkixx.com/html/socimo/messages.html]
[wpkixx.com/html/socimo/notifications.html]
[wpkixx.com/html/socimo/search-result.html]
[wpkixx.com/html/socimo/videos.html]
[wpkixx.com/html/socimo/event-page.html]
[wpkixx.com/html/socimo/event-detail.html]
[wpkixx.com/html/socimo/Q-A.html]
[wpkixx.com/html/socimo/Q-detail.html]
[wpkixx.com/html/socimo/help-faq-detail.html]
[wpkixx.com/html/socimo/books.html]
[wpkixx.com/html/socimo/book-detail.html]
[wpkixx.com/html/socimo/courses.html]
[wpkixx.com/html/socimo/course-detail.html]
[wpkixx.com/html/socimo/product-cart.html]
[wpkixx.com/html/socimo/product-checkout.html]
[wpkixx.com/html/socimo/add-credits.html]
[wpkixx.com/html/socimo/invoice.html]
[wpkixx.com/html/socimo/thank-you.html]
[wpkixx.com/html/socimo/blog.html]
[wpkixx.com/html/socimo/blog-detail.html]
[wpkixx.com/html/socimo/404.html]
[wpkixx.com/html/socimo/coming-soon.html]
[wpkixx.com/html/socimo/send-feedback.html]
[wpkixx.com/html/socimo/badges.html]
[wpkixx.com/html/socimo/signup.html]
[wpkixx.com/html/socimo/forgot-password.html]
[wpkixx.com/html/socimo/about-university.html]
[wpkixx.com/html/socimo/widgets.html]
[wpkixx.com/html/socimo/development-component.html]
[wpkixx.com/html/socimo/development-elements.html]
[wpkixx.com/html/socimo/loader-spiners.html]
[wpkixx.com/html/socimo/feed.html]
[wpkixx.com/html/socimo/images/time-clock.png]
[wpkixx.com/html/socimo/images/resources/time-bg.jpg]
[wpkixx.com/html/socimo/images/resources/ad-widget2.gif]
[wpkixx.com/html/socimo/images/resources/course-5.jpg]
[wpkixx.com/html/socimo/images/resources/course-3.jpg]
[wpkixx.com/html/socimo/images/resources/recentlink-1.jpg]
[wpkixx.com/html/socimo/images/resources/recentlink-2.jpg]
[wpkixx.com/html/socimo/images/resources/recentlink-3.jpg]
[wpkixx.com/html/socimo/images/image.png]
[wpkixx.com/html/socimo/images/activity.png]
[wpkixx.com/html/socimo/images/live-stream.png]
[wpkixx.com/html/socimo/images/resources/story-card5.jpg]
[wpkixx.com/html/socimo/images/resources/story-card.jpg]
[wpkixx.com/html/socimo/images/resources/user6.jpg]
[wpkixx.com/html/socimo/images/resources/story-card2.jpg]
[wpkixx.com/html/socimo/images/resources/user7.jpg]
[wpkixx.com/html/socimo/images/resources/story-card3.jpg]
[wpkixx.com/html/socimo/images/resources/user8.jpg]
[wpkixx.com/html/socimo/images/resources/story-card4.jpg]
[wpkixx.com/html/socimo/time-line.html]
[wpkixx.com/html/socimo/images/resources/speak-1.jpg]
[wpkixx.com/html/socimo/images/resources/speak-2.jpg]
[wpkixx.com/html/socimo/images/resources/speak-3.jpg]
[wpkixx.com/html/socimo/images/smiles/thumb.png]
[wpkixx.com/html/socimo/images/smiles/heart.png]
[wpkixx.com/html/socimo/images/smiles/smile.png]
[wpkixx.com/html/socimo/images/smiles/weep.png]
[wpkixx.com/html/socimo/images/resources/book5.jpg]
[wpkixx.com/html/socimo/images/resources/album1.jpg]
[wpkixx.com/html/socimo/images/resources/study.jpg]
[wpkixx.com/html/socimo/images/resources/album2.jpg]
[wpkixx.com/html/socimo/images/resources/album6.jpg]
[wpkixx.com/html/socimo/images/resources/album5.jpg]
[wpkixx.com/html/socimo/images/resources/album4.jpg]
[wpkixx.com/html/socimo/images/resources/laptop.png]
[wpkixx.com/html/socimo/images/giphy.png]
[wpkixx.com/html/socimo/images/resources/sponsor.png]
[wpkixx.com/html/socimo/images/resources/sponsor-prod1.jpg]
[wpkixx.com/html/socimo/images/resources/sponsor-prod5.jpg]
[wpkixx.com/html/socimo/images/resources/sponsor-prod4.jpg]
[wpkixx.com/html/socimo/images/resources/sponsor-prod3.jpg]
[wpkixx.com/html/socimo/images/resources/sponsor-prod2.jpg]
[wpkixx.com/html/socimo/images/resources/your-group1.jpg]
[wpkixx.com/html/socimo/group-feed.html]
[wpkixx.com/html/socimo/images/resources/your-group2.jpg]
[wpkixx.com/html/socimo/images/resources/sidebar-info.jpg]
[wpkixx.com/html/socimo/images/resources/frnd-figure2.jpg]
[wpkixx.com/html/socimo/images/resources/sidebar-info2.jpg]
[wpkixx.com/html/socimo/images/resources/frnd-figure3.jpg]
[wpkixx.com/html/socimo/images/clock.png]
[wpkixx.com/html/socimo/images/resources/sponsor.jpg]
[wpkixx.com/html/socimo/images/resources/sponsor2.jpg]
[wpkixx.com/html/socimo/images/resources/friend-avatar.jpg]
[wpkixx.com/html/socimo/images/resources/friend-avatar2.jpg]
[wpkixx.com/html/socimo/images/resources/friend-avatar3.jpg]
[wpkixx.com/html/socimo/images/resources/friend-avatar4.jpg]
[wpkixx.com/html/socimo/images/resources/friend-avatar5.jpg]
[wpkixx.com/html/socimo/images/footer.png]
[wpkixx.com/html/socimo/images/arrow-down.svg]
[wpkixx.com/html/socimo/images/resources/user13.jpg]
[wpkixx.com/html/socimo/images/resources/chatlist1.jpg]
[wpkixx.com/html/socimo/images/d-tick.png]
[wpkixx.com/html/socimo/images/resources/chatlist2.jpg]
[wpkixx.com/html/socimo/images/smiles/happy-3.png]
[wpkixx.com/html/socimo/images/smiles/angry-1.png]
[wpkixx.com/html/socimo/images/smiles/angry.png]
[wpkixx.com/html/socimo/images/smiles/bored-1.png]
[wpkixx.com/html/socimo/images/smiles/confused-1.png]
[wpkixx.com/html/socimo/images/smiles/wink.png]
[wpkixx.com/html/socimo/images/smiles/tongue-out.png]
[wpkixx.com/html/socimo/images/smiles/suspicious.png]
[wpkixx.com/html/socimo/images/smiles/crying-1.png]
[wpkixx.com/html/socimo/images/smiles/crying.png]
[wpkixx.com/html/socimo/images/smiles/embarrassed.png]
[wpkixx.com/html/socimo/images/smiles/emoticons.png]
[wpkixx.com/html/socimo/images/smiles/happy-2.png]
[wpkixx.com/html/socimo/images/resources/blog-detail.jpg]
[wpkixx.com/html/socimo/images/resources/userlist-2.jpg]
[wpkixx.com/html/socimo/js/main.min.js]
[wpkixx.com/html/socimo/js/date-time.js]
[wpkixx.com/html/socimo/index.html]
[wpkixx.com/html/socimo/js/script.js]
[wpkixx.com/html/socimo/fonts/icofont.woff2]
[wpkixx.com/html/socimo/fonts/icofont.woff]
[wpkixx.com/html/socimo/css/owl.video.play.png]
[wpkixx.com/html/socimo/css/chosen-sprite.png]
[wpkixx.com/html/socimo/css/chosen-sprite@2x.png]
[wpkixx.com/html/socimo/css/main.min.css]
[wpkixx.com/html/socimo/fonts/CircularStd-Book.otf]
[wpkixx.com/html/socimo/fonts/CircularStd-Black.otf]
[wpkixx.com/html/socimo/fonts/CircularStd-Bold.otf]
[wpkixx.com/html/socimo/fonts/CircularStd-Medium.otf]
[wpkixx.com/html/socimo/images/dot-pattern.png]
[wpkixx.com/html/socimo/images/loader.gif]
[wpkixx.com/html/socimo/css/style.css]
[wpkixx.com/html/socimo/css/color.css]
[wpkixx.com/html/socimo/css/responsive.css]
[wpkixx.com/html/socimo/css/lightbox.css]
[wpkixx.com/html/socimo/images/resources/top-bg.jpg]
[wpkixx.com/html/socimo/images/resources/speak-4.jpg]
[wpkixx.com/html/socimo/images/resources/speak-5.jpg]
[wpkixx.com/html/socimo/images/resources/speak-6.jpg]
[wpkixx.com/html/socimo/images/resources/speak-7.jpg]
[wpkixx.com/html/socimo/images/resources/speak-8.jpg]
[wpkixx.com/html/socimo/images/resources/speak-9.jpg]
[wpkixx.com/html/socimo/images/resources/speak-10.jpg]
[wpkixx.com/html/socimo/images/resources/speak-11.jpg]
[wpkixx.com/html/socimo/images/resources/speak-12.jpg]
[wpkixx.com/html/socimo/images/resources/uni1.jpg]
[wpkixx.com/html/socimo/images/resources/uni3.jpg]
[wpkixx.com/html/socimo/images/resources/uni4.jpg]
[wpkixx.com/html/socimo/images/resources/image1.jpg]
[wpkixx.com/html/socimo/images/resources/image2.jpg]
[wpkixx.com/html/socimo/images/resources/image3.jpg]
[wpkixx.com/html/socimo/images/resources/image4.jpg]
[wpkixx.com/html/socimo/images/resources/image5.jpg]
[wpkixx.com/html/socimo/images/resources/image6.jpg]
[wpkixx.com/html/socimo/profile.html]
[wpkixx.com/html/socimo/images/resources/company1.png]
[wpkixx.com/html/socimo/images/resources/company2.png]
[wpkixx.com/html/socimo/images/resources/company3.png]
[wpkixx.com/html/socimo/images/resources/company4.png]
[wpkixx.com/html/socimo/images/resources/company5.png]
[wpkixx.com/html/socimo/images/resources/company6.png]
[wpkixx.com/html/socimo/images/resources/company7.png]
[wpkixx.com/html/socimo/images/resources/company8.png]
[wpkixx.com/html/socimo/images/resources/profile-banner.jpg]
[wpkixx.com/html/socimo/images/badges/badge2.png]
[wpkixx.com/html/socimo/images/badges/badge3.png]
[wpkixx.com/html/socimo/images/badges/badge4.png]
[wpkixx.com/html/socimo/images/badges/badge5.png]
[wpkixx.com/html/socimo/images/badges/badge7.png]
[wpkixx.com/html/socimo/images/badges/badge8.png]
[wpkixx.com/html/socimo/images/resources/user-video7.jpg]
[wpkixx.com/html/socimo/images/resources/user-video10.jpg]
[wpkixx.com/html/socimo/images/resources/sug-page-1.jpg]
[wpkixx.com/html/socimo/images/resources/sug-page-2.jpg]
[wpkixx.com/html/socimo/images/resources/sug-page-3.jpg]
[wpkixx.com/html/socimo/images/resources/sug-page-4.jpg]
[wpkixx.com/html/socimo/images/resources/sug-page-5.jpg]
[wpkixx.com/html/socimo/images/resources/user-pic1.jpg]
[wpkixx.com/html/socimo/images/resources/user-pic2.jpg]
[wpkixx.com/html/socimo/images/resources/user-pic3.jpg]
[wpkixx.com/html/socimo/images/resources/user-pic4.jpg]
[wpkixx.com/html/socimo/images/resources/user-pic5.jpg]
[wpkixx.com/html/socimo/images/resources/user-pic6.jpg]
[wpkixx.com/html/socimo/images/resources/user-pic7.jpg]
[wpkixx.com/html/socimo/images/resources/user-pic8.jpg]
[wpkixx.com/html/socimo/images/resources/user-pic9.jpg]
[wpkixx.com/html/socimo/images/resources/user-pic10.jpg]
[wpkixx.com/html/socimo/images/resources/user-pic11.jpg]
[wpkixx.com/html/socimo/images/resources/user-pic12.jpg]
[wpkixx.com/html/socimo/images/resources/user-pic13.jpg]
[wpkixx.com/html/socimo/images/resources/user-pic14.jpg]
[wpkixx.com/html/socimo/images/resources/user-pic15.jpg]
[wpkixx.com/html/socimo/images/resources/user-video1.jpg]
[wpkixx.com/html/socimo/images/resources/user-video2.jpg]
[wpkixx.com/html/socimo/images/resources/user-video3.jpg]
[wpkixx.com/html/socimo/images/resources/user-video4.jpg]
[wpkixx.com/html/socimo/images/resources/user-video5.jpg]
[wpkixx.com/html/socimo/images/resources/user-video6.jpg]
[wpkixx.com/html/socimo/images/resources/user-video8.jpg]
[wpkixx.com/html/socimo/images/resources/user-video9.jpg]
[wpkixx.com/html/socimo/images/resources/user-video11.jpg]
[wpkixx.com/html/socimo/images/resources/user-video12.jpg]
[wpkixx.com/html/socimo/profile-page2.html]
[wpkixx.com/html/socimo/css/jquery-wizard.css]
[wpkixx.com/html/socimo/images/smiles/smiling.png]
[wpkixx.com/html/socimo/images/resources/form-wizard-1.jpg]
[wpkixx.com/html/socimo/js/jquery.wizard.js]
[wpkixx.com/html/socimo/js/jquery.wizard-init.js]
[wpkixx.com/html/socimo/live-stream.html]
[wpkixx.com/html/socimo/index-2.html]
[wpkixx.com/html/socimo/js/webcam.min.js]
[wpkixx.com/html/socimo/images/resources/course-6.jpg]
[wpkixx.com/html/socimo/images/resources/course-1.jpg]
[wpkixx.com/html/socimo/images/paypal.png]
[wpkixx.com/html/socimo/add-new-course.html]
[wpkixx.com/html/socimo/images/flags/001-united-kingdom.png]
[wpkixx.com/html/socimo/images/flags/002-united-states.png]
[wpkixx.com/html/socimo/images/flags/003-france.png]
[wpkixx.com/html/socimo/images/flags/004-germany.png]
[wpkixx.com/html/socimo/images/flags/005-spain.png]
[wpkixx.com/html/socimo/images/flags/006-china.png]
[wpkixx.com/html/socimo/images/flags/007-italy.png]
[wpkixx.com/html/socimo/images/flags/008-japan.png]
[wpkixx.com/html/socimo/images/flags/009-brazil.png]
[wpkixx.com/html/socimo/images/flags/010-south-korea.png]
[wpkixx.com/html/socimo/js/sparkline.js]
[wpkixx.com/html/socimo/pay-out.html]
[wpkixx.com/html/socimo/price-plan.html]
[wpkixx.com/html/socimo/js/chart.js]
[wpkixx.com/html/socimo/images/bg-4.png]
[wpkixx.com/html/socimo/help-faq.html]
[wpkixx.com/html/socimo/images/visa-master.png]
[wpkixx.com/html/socimo/images/bitcoin.png]
[wpkixx.com/html/socimo/images/bank.png]
[wpkixx.com/html/socimo/images/resources/Credit-Card-Logos.jpg]
[wpkixx.com/html/socimo/settings.html]
[wpkixx.com/html/socimo/privacy-n-policy.html]
[wpkixx.com/html/socimo/images/resources/login-1.png]
[wpkixx.com/html/socimo/images/resources/login-2.png]
[wpkixx.com/html/socimo/images/resources/login-3.png]
[wpkixx.com/html/socimo/images/google-play.svg]
[wpkixx.com/html/socimo/images/apple-store.svg]
[wpkixx.com/html/socimo/images/star-shape.png]
[wpkixx.com/html/socimo/sign-in.html]
[wpkixx.com/html/socimo/images/flags/US.png]
[wpkixx.com/html/socimo/images/resources/slider3.jpg]
[wpkixx.com/html/socimo/images/resources/research-avatar.jpg]
[wpkixx.com/html/socimo/images/resources/research-avatar2.jpg]
[wpkixx.com/html/socimo/images/resources/paralex-bg.jpg]
[wpkixx.com/html/socimo/images/tv-icon.png]
[wpkixx.com/html/socimo/images/resources/blog.jpg]
[wpkixx.com/html/socimo/images/resources/postby1.jpg]
[wpkixx.com/html/socimo/images/resources/blog2.jpg]
[wpkixx.com/html/socimo/images/resources/postby2.jpg]
[wpkixx.com/html/socimo/images/resources/blog3.jpg]
[wpkixx.com/html/socimo/images/resources/postby3.jpg]
[wpkixx.com/html/socimo/images/news-icon.png]
[wpkixx.com/html/socimo/images/resources/commenter-1.jpg]
[wpkixx.com/html/socimo/images/resources/commenter-2.jpg]
[wpkixx.com/html/socimo/images/resources/commenter-3.jpg]
[wpkixx.com/html/socimo/images/resources/footer-bg.png]
[wpkixx.com/html/socimo/images/android.png]
[wpkixx.com/html/socimo/images/apple.png]
[wpkixx.com/html/socimo/images/windows.png]
[wpkixx.com/html/socimo/js/counterup.min.js]
[wpkixx.com/html/socimo/js/counterup-t-waypoint.js]
[wpkixx.com/html/socimo/company-home.html]
[wpkixx.com/html/socimo/js/typed.js]
[wpkixx.com/html/socimo/images/resources/group1.jpg]
[wpkixx.com/html/socimo/images/resources/group2.jpg]
[wpkixx.com/html/socimo/images/resources/group3.jpg]
[wpkixx.com/html/socimo/images/resources/group4.jpg]
[wpkixx.com/html/socimo/images/resources/group5.jpg]
[wpkixx.com/html/socimo/images/resources/group6.jpg]
[wpkixx.com/html/socimo/images/resources/group7.jpg]
[wpkixx.com/html/socimo/images/resources/group8.jpg]
[wpkixx.com/html/socimo/images/resources/group9.jpg]
[wpkixx.com/html/socimo/images/resources/group10.jpg]
[wpkixx.com/html/socimo/images/resources/group11.jpg]
[wpkixx.com/html/socimo/images/resources/group-background.jpg]
[wpkixx.com/html/socimo/images/resources/group-avatar.jpg]
[wpkixx.com/html/socimo/images/resources/group-background2.jpg]
[wpkixx.com/html/socimo/images/resources/group-avatar2.jpg]
[wpkixx.com/html/socimo/images/resources/group-background3.jpg]
[wpkixx.com/html/socimo/images/resources/group-avatar3.jpg]
[wpkixx.com/html/socimo/images/resources/group-background4.jpg]
[wpkixx.com/html/socimo/images/resources/group-avatar4.jpg]
[wpkixx.com/html/socimo/images/resources/book10.jpg]
[wpkixx.com/html/socimo/images/resources/book9.jpg]
[wpkixx.com/html/socimo/groups.html]
[wpkixx.com/html/socimo/images/resources/group-profile.jpg]
[wpkixx.com/html/socimo/images/resources/group-dp.jpg]
[wpkixx.com/html/socimo/images/resources/course-4.jpg]
[wpkixx.com/html/socimo/group-detail.html]
[wpkixx.com/html/socimo/images/resources/post-detail.jpg]
[wpkixx.com/html/socimo/images/resources/gallery-1.jpg]
[wpkixx.com/html/socimo/images/resources/gallery-2.jpg]
[wpkixx.com/html/socimo/images/resources/gallery-3.jpg]
[wpkixx.com/html/socimo/post-detail.html]
[wpkixx.com/html/socimo/images/smiles/happy.png]
[wpkixx.com/html/socimo/images/smiles/bored-2.png]
[wpkixx.com/html/socimo/images/smiles/bored.png]
[wpkixx.com/html/socimo/images/smiles/confused.png]
[wpkixx.com/html/socimo/messages.html]
[wpkixx.com/html/socimo/notifications.html]
[wpkixx.com/html/socimo/images/elements/light.jpg]
[wpkixx.com/html/socimo/images/elements/dark.jpg]
[wpkixx.com/html/socimo/images/elements/image.jpg]
[wpkixx.com/html/socimo/images/elements/image2.jpg]
[wpkixx.com/html/socimo/images/elements/image3.jpg]
[wpkixx.com/html/socimo/images/elements/image4.jpg]
[wpkixx.com/html/socimo/images/resources/post-video1.jpg]
[wpkixx.com/html/socimo/images/resources/post-video2.jpg]
[wpkixx.com/html/socimo/images/resources/post-video3.jpg]
[wpkixx.com/html/socimo/images/resources/post-video4.jpg]
[wpkixx.com/html/socimo/images/resources/post-video5.jpg]
[wpkixx.com/html/socimo/images/resources/post-video6.jpg]
[wpkixx.com/html/socimo/images/resources/post-video8.jpg]
[wpkixx.com/html/socimo/images/resources/post-video9.jpg]
[wpkixx.com/html/socimo/images/resources/post-video10.jpg]
[wpkixx.com/html/socimo/images/resources/post-video11.jpg]
[wpkixx.com/html/socimo/search-result.html]
[wpkixx.com/html/socimo/videos.html]
[wpkixx.com/html/socimo/images/resources/event-post1.jpg]
[wpkixx.com/html/socimo/images/resources/event-post2.jpg]
[wpkixx.com/html/socimo/images/resources/event-post3.jpg]
[wpkixx.com/html/socimo/images/resources/event-post4.jpg]
[wpkixx.com/html/socimo/images/resources/event-post5.jpg]
[wpkixx.com/html/socimo/images/resources/event-post6.jpg]
[wpkixx.com/html/socimo/images/resources/event-post7.jpg]
[wpkixx.com/html/socimo/event-page.html]
[wpkixx.com/html/socimo/images/resources/event-detail.jpg]
[wpkixx.com/html/socimo/images/resources/event-small.jpg]
[wpkixx.com/html/socimo/images/resources/event-small2.jpg]
[wpkixx.com/html/socimo/event-detail.html]
[wpkixx.com/html/socimo/Q-A.html]
[wpkixx.com/html/socimo/Q-detail.html]
[wpkixx.com/html/socimo/help-faq-detail.html]
[wpkixx.com/html/socimo/js/map-init.js]
[wpkixx.com/html/socimo/images/resources/book1.jpg]
[wpkixx.com/html/socimo/images/resources/book2.jpg]
[wpkixx.com/html/socimo/images/resources/book3.jpg]
[wpkixx.com/html/socimo/images/resources/book4.jpg]
[wpkixx.com/html/socimo/images/resources/book6.jpg]
[wpkixx.com/html/socimo/images/resources/book7.jpg]
[wpkixx.com/html/socimo/images/resources/book8.jpg]
[wpkixx.com/html/socimo/books.html]
[wpkixx.com/html/socimo/book-detail.html]
[wpkixx.com/html/socimo/images/resources/course-2.png]
[wpkixx.com/html/socimo/images/brand1.png]
[wpkixx.com/html/socimo/images/brand5.png]
[wpkixx.com/html/socimo/images/brand3.png]
[wpkixx.com/html/socimo/images/brand4.png]
[wpkixx.com/html/socimo/courses.html]
[wpkixx.com/html/socimo/images/resources/course-2.jpg]
[wpkixx.com/html/socimo/course-detail.html]
[wpkixx.com/html/socimo/images/resources/cart1.jpg]
[wpkixx.com/html/socimo/images/resources/cart2.jpg]
[wpkixx.com/html/socimo/images/resources/cart3.jpg]
[wpkixx.com/html/socimo/product-cart.html]
[wpkixx.com/html/socimo/images/fedex.png]
[wpkixx.com/html/socimo/images/dhl.png]
[wpkixx.com/html/socimo/images/box-icon1.png]
[wpkixx.com/html/socimo/images/box-icon2.png]
[wpkixx.com/html/socimo/product-checkout.html]
[wpkixx.com/html/socimo/add-credits.html]
[wpkixx.com/html/socimo/images/logo2.png]
[wpkixx.com/html/socimo/invoice.html]
[wpkixx.com/html/socimo/thank-you.html]
[wpkixx.com/html/socimo/images/resources/blog-list-1.jpg]
[wpkixx.com/html/socimo/images/resources/blog-list-2.jpg]
[wpkixx.com/html/socimo/images/resources/blog-list-3.jpg]
[wpkixx.com/html/socimo/images/resources/blog-list-4.jpg]
[wpkixx.com/html/socimo/blog.html]
[wpkixx.com/html/socimo/images/resources/blog-list-5.jpg]
[wpkixx.com/html/socimo/images/resources/blog-detail.png]
[wpkixx.com/html/socimo/blog-detail.html]
[wpkixx.com/html/socimo/images/resources/error.png]
[wpkixx.com/html/socimo/404.html]
[wpkixx.com/html/socimo/coming-soon.html]
[wpkixx.com/html/socimo/images/smiles/quiet.png]
[wpkixx.com/html/socimo/images/smiles/in-love.png]
[wpkixx.com/html/socimo/images/smiles/unhappy.png]
[wpkixx.com/html/socimo/send-feedback.html]
[wpkixx.com/html/socimo/images/badges/year1.png]
[wpkixx.com/html/socimo/images/badges/year2.png]
[wpkixx.com/html/socimo/images/badges/year3.png]
[wpkixx.com/html/socimo/images/badges/year4.png]
[wpkixx.com/html/socimo/images/badges/year5.png]
[wpkixx.com/html/socimo/images/badges/year6.png]
[wpkixx.com/html/socimo/images/badges/year7.png]
[wpkixx.com/html/socimo/images/badges/year8.png]
[wpkixx.com/html/socimo/images/badges/year9.png]
[wpkixx.com/html/socimo/images/badges/year10.png]
[wpkixx.com/html/socimo/images/badges/badge6.png]
[wpkixx.com/html/socimo/images/badges/badge1.png]
[wpkixx.com/html/socimo/images/badges/badge9.png]
[wpkixx.com/html/socimo/images/badges/badge10.png]
[wpkixx.com/html/socimo/images/badges/badge11.png]
[wpkixx.com/html/socimo/images/badges/badge12.png]
[wpkixx.com/html/socimo/images/badges/badge13.png]
[wpkixx.com/html/socimo/images/badges/badge14.png]
[wpkixx.com/html/socimo/images/badges/badge15.png]
[wpkixx.com/html/socimo/images/badges/badge16.png]
[wpkixx.com/html/socimo/images/badges/badge17.png]
[wpkixx.com/html/socimo/images/badges/badge19.png]
[wpkixx.com/html/socimo/images/badges/badge20.png]
[wpkixx.com/html/socimo/images/badges/badge21.png]
[wpkixx.com/html/socimo/badges.html]
[wpkixx.com/html/socimo/images/resources/login-bg.png]
[wpkixx.com/html/socimo/signup.html]
[wpkixx.com/html/socimo/forgot-password.html]
[wpkixx.com/html/socimo/images/resources/top-bg2.jpg]
[wpkixx.com/html/socimo/about-university.html]
[wpkixx.com/html/socimo/images/resources/widget-bg.jpg]
[wpkixx.com/html/socimo/inbox.html]
[wpkixx.com/html/socimo/page.html]
[wpkixx.com/html/socimo/friends-list.html]
[wpkixx.com/html/socimo/images.html]
[wpkixx.com/html/socimo/location.html]
[wpkixx.com/html/socimo/login.html]
[wpkixx.com/html/socimo/widgets.html]
[wpkixx.com/html/socimo/css/uikit.min.css]
[wpkixx.com/html/socimo/analytics.18f.delayed]
[wpkixx.com/html/socimo/reviews.html]
[wpkixx.com/html/socimo/events.html]
[wpkixx.com/html/socimo/products.html]
[wpkixx.com/html/socimo/messages-inbox.html]
[wpkixx.com/html/socimo/team.html]
[wpkixx.com/html/socimo/login-register.html]
[wpkixx.com/html/socimo/loaders.html]
[wpkixx.com/html/socimo/invoice-edit.html]
[wpkixx.com/html/socimo/maps.html]
[wpkixx.com/html/socimo/colors.html]
[wpkixx.com/html/socimo/elements-grid.html]
[wpkixx.com/html/socimo/tabs.html]
[wpkixx.com/html/socimo/grid.html]
[wpkixx.com/html/socimo/images/elements/slider4.jpg]
[wpkixx.com/html/socimo/images/elements/slider2.jpg]
[wpkixx.com/html/socimo/transition.1a1.delayed]
[wpkixx.com/html/socimo/cover.html]
[wpkixx.com/html/socimo/inverse.html]
[wpkixx.com/html/socimo/utility.html]
[wpkixx.com/html/socimo/development-component.html]
[wpkixx.com/html/socimo/js/uikit.min.js]
[wpkixx.com/html/socimo/images/elements/user-avatar.jpg]
[wpkixx.com/html/socimo/flex.html]
[wpkixx.com/html/socimo/slideshow.html]
[wpkixx.com/html/socimo/slider.html]
[wpkixx.com/html/socimo/dropdown.html]
[wpkixx.com/html/socimo/images/elements/avatar-1.jpg]
[wpkixx.com/html/socimo/images/elements/avatar-2.jpg]
[wpkixx.com/html/socimo/images/elements/avatar-3.jpg]
[wpkixx.com/html/socimo/development-elements.html]
[wpkixx.com/html/socimo/loader-spiners.html]
[wpkixx.com/html/socimo/feed.html]
[wpkixx.com/html/socimo/time-line.html]
[wpkixx.com/html/socimo/group-feed.html]
[wpkixx.com/html/socimo/images/arrow-down.svg]
[wpkixx.com/html/socimo/css/owl.video.play.html]
[wpkixx.com/html/socimo/fonts/CircularStd-Book.html]
[wpkixx.com/html/socimo/fonts/CircularStd-Black.html]
[wpkixx.com/html/socimo/fonts/CircularStd-Bold.html]
[wpkixx.com/html/socimo/fonts/CircularStd-Medium.html]
[wpkixx.com/html/socimo/images/dot-pattern.html]
[wpkixx.com/html/socimo/images/loader.html]
[wpkixx.com/html/socimo/css/lightbox.html]
[wpkixx.com/html/socimo/css/jquery-wizard.css]
[wpkixx.com/html/socimo/images/google-play.svg]
[wpkixx.com/html/socimo/images/apple-store.svg]
[wpkixx.com/html/socimo/images/logo2.html]
[wpkixx.com/html/socimo/inbox.html]
[wpkixx.com/html/socimo/page.html]
[wpkixx.com/html/socimo/friends-list.html]
[wpkixx.com/html/socimo/images.html]
[wpkixx.com/html/socimo/location.html]
[wpkixx.com/html/socimo/login.html]
[wpkixx.com/html/socimo/css/uikit.min.css]
[wpkixx.com/html/socimo/analytics.html]
[wpkixx.com/html/socimo/reviews.html]
[wpkixx.com/html/socimo/events.html]
[wpkixx.com/html/socimo/images/resources/userlist-1.jpg]
[wpkixx.com/html/socimo/product-detail.html]
[wpkixx.com/html/socimo/images/resources/product-1.jpg]
[wpkixx.com/html/socimo/images/resources/product-2.jpg]
[wpkixx.com/html/socimo/images/resources/product-3.jpg]
[wpkixx.com/html/socimo/images/resources/product-4.jpg]
[wpkixx.com/html/socimo/images/resources/product-5.jpg]
[wpkixx.com/html/socimo/images/resources/product-6.jpg]
[wpkixx.com/html/socimo/images/resources/product-7.jpg]
[wpkixx.com/html/socimo/images/resources/product-8.jpg]
[wpkixx.com/html/socimo/images/resources/product-ad-2.jpg]
[wpkixx.com/html/socimo/images/resources/product-ad-1.jpg]
[wpkixx.com/html/socimo/products.html]
[wpkixx.com/html/socimo/messages-inbox.html]
[wpkixx.com/html/socimo/team.html]
[wpkixx.com/html/socimo/login-register.html]
[wpkixx.com/html/socimo/loaders.html]
[wpkixx.com/html/socimo/invoice-edit.html]
[wpkixx.com/html/socimo/maps.html]
[wpkixx.com/html/socimo/colors.html]
[wpkixx.com/html/socimo/elements-grid.html]
[wpkixx.com/html/socimo/tabs.html]
[wpkixx.com/html/socimo/grid.html]
[wpkixx.com/html/socimo/transition.html]
[wpkixx.com/html/socimo/cover.html]
[wpkixx.com/html/socimo/inverse.html]
[wpkixx.com/html/socimo/utility.html]
[wpkixx.com/html/socimo/flex.html]
[wpkixx.com/html/socimo/slideshow.html]
[wpkixx.com/html/socimo/slider.html]
[wpkixx.com/html/socimo/dropdown.html]
[wpkixx.com/html/socimo/images/elements/slider3.jpg]
[wpkixx.com/html/socimo/images/resources/product-full.jpg]
[wpkixx.com/html/socimo/product-detail.html]
[wpkixx.com/html/socimo/images/elements/slider1.jpg]
